EN register_16 NULL "D:/Masters_Study/1st Sem/VHDL lab/Workspace/submit/rcs2plus/register_16.vhd" sub00/vhpl22 1547494501
EN rxcver NULL "D:/Masters_Study/1st Sem/VHDL lab/Workspace/submit/rcs2plus/rxcver.vhd" sub00/vhpl02 1547494517
AR idea_com_inner behavioral "D:/Masters_Study/1st Sem/VHDL lab/Workspace/submit/rcs2plus/idea_com_inner.vhd" sub00/vhpl11 1547494526
AR clk_div behavioral "D:/Masters_Study/1st Sem/VHDL lab/Workspace/submit/rcs2plus/clk_div.vhd" sub00/vhpl09 1547494524
EN roundcounter NULL "D:/Masters_Study/1st Sem/VHDL lab/Workspace/submit/rcs2plus/roundcounter.vhd" sub00/vhpl32 1547494513
AR addop behavioral "D:/Masters_Study/1st Sem/VHDL lab/Workspace/submit/rcs2plus/addop.vhd" sub00/vhpl19 1547494498
EN mulop NULL "D:/Masters_Study/1st Sem/VHDL lab/Workspace/submit/rcs2plus/mulop.vhd" sub00/vhpl16 1547494495
EN idea_rcs2plus NULL "D:/Masters_Study/1st Sem/VHDL lab/Workspace/submit/rcs2plus/idea_rcs2plus.vhd" sub00/vhpl34 1547494521
AR register_16 behavioral "D:/Masters_Study/1st Sem/VHDL lab/Workspace/submit/rcs2plus/register_16.vhd" sub00/vhpl23 1547494502
EN datapath NULL "D:/Masters_Study/1st Sem/VHDL lab/Workspace/submit/rcs2plus/datapath.vhd" sub00/vhpl24 1547494503
EN addop NULL "D:/Masters_Study/1st Sem/VHDL lab/Workspace/submit/rcs2plus/addop.vhd" sub00/vhpl18 1547494497
AR roundcounter behavioral "D:/Masters_Study/1st Sem/VHDL lab/Workspace/submit/rcs2plus/roundcounter.vhd" sub00/vhpl33 1547494514
EN mux2x1 NULL "D:/Masters_Study/1st Sem/VHDL lab/Workspace/submit/rcs2plus/mux2x1.vhd" sub00/vhpl06 1547494507
AR mux2x1 behavioral "D:/Masters_Study/1st Sem/VHDL lab/Workspace/submit/rcs2plus/mux2x1.vhd" sub00/vhpl07 1547494508
EN idea_com NULL "D:/Masters_Study/1st Sem/VHDL lab/Workspace/submit/rcs2plus/idea_com.vhd" sub00/vhpl12 1547494527
EN keygen NULL "D:/Masters_Study/1st Sem/VHDL lab/Workspace/submit/rcs2plus/keygen.vhd" sub00/vhpl28 1547494509
AR uart behavior "D:/Masters_Study/1st Sem/VHDL lab/Workspace/submit/rcs2plus/uart.vhd" sub00/vhpl05 1547494520
AR rxcver behavior "D:/Masters_Study/1st Sem/VHDL lab/Workspace/submit/rcs2plus/rxcver.vhd" sub00/vhpl03 1547494518
AR txmit behavior "D:/Masters_Study/1st Sem/VHDL lab/Workspace/submit/rcs2plus/txmit.vhd" sub00/vhpl01 1547494516
EN mux4x1 NULL "D:/Masters_Study/1st Sem/VHDL lab/Workspace/submit/rcs2plus/mux4x1.vhd" sub00/vhpl14 1547494493
AR mux4x1 behavioral "D:/Masters_Study/1st Sem/VHDL lab/Workspace/submit/rcs2plus/mux4x1.vhd" sub00/vhpl15 1547494494
AR idea_com behavioral "D:/Masters_Study/1st Sem/VHDL lab/Workspace/submit/rcs2plus/idea_com.vhd" sub00/vhpl13 1547494528
EN xorop NULL "D:/Masters_Study/1st Sem/VHDL lab/Workspace/submit/rcs2plus/xorop.vhd" sub00/vhpl20 1547494499
EN control NULL "D:/Masters_Study/1st Sem/VHDL lab/Workspace/submit/rcs2plus/control.vhd" sub00/vhpl26 1547494505
AR mulop behavioral "D:/Masters_Study/1st Sem/VHDL lab/Workspace/submit/rcs2plus/mulop.vhd" sub00/vhpl17 1547494496
EN txmit NULL "D:/Masters_Study/1st Sem/VHDL lab/Workspace/submit/rcs2plus/txmit.vhd" sub00/vhpl00 1547494515
AR control behavioral "D:/Masters_Study/1st Sem/VHDL lab/Workspace/submit/rcs2plus/control.vhd" sub00/vhpl27 1547494506
AR datapath behavioral "D:/Masters_Study/1st Sem/VHDL lab/Workspace/submit/rcs2plus/datapath.vhd" sub00/vhpl25 1547494504
EN uart NULL "D:/Masters_Study/1st Sem/VHDL lab/Workspace/submit/rcs2plus/uart.vhd" sub00/vhpl04 1547494519
EN clockedround NULL "D:/Masters_Study/1st Sem/VHDL lab/Workspace/submit/rcs2plus/clockedround.vhd" sub00/vhpl30 1547494511
EN clk_div NULL "D:/Masters_Study/1st Sem/VHDL lab/Workspace/submit/rcs2plus/clk_div.vhd" sub00/vhpl08 1547494523
AR xorop behavioral "D:/Masters_Study/1st Sem/VHDL lab/Workspace/submit/rcs2plus/xorop.vhd" sub00/vhpl21 1547494500
AR keygen behavioral "D:/Masters_Study/1st Sem/VHDL lab/Workspace/submit/rcs2plus/keygen.vhd" sub00/vhpl29 1547494510
AR idea_rcs2plus structural "D:/Masters_Study/1st Sem/VHDL lab/Workspace/submit/rcs2plus/idea_rcs2plus.vhd" sub00/vhpl35 1547494522
AR clockedround structural "D:/Masters_Study/1st Sem/VHDL lab/Workspace/submit/rcs2plus/clockedround.vhd" sub00/vhpl31 1547494512
EN idea_com_inner NULL "D:/Masters_Study/1st Sem/VHDL lab/Workspace/submit/rcs2plus/idea_com_inner.vhd" sub00/vhpl10 1547494525
